
> halalstocksai@0.1.0 build
> next build

▲ Next.js 16.2.6 (Turbopack)
- Environments: .env.local

  Creating an optimized production build ...
(node:16220) [DEP0205] DeprecationWarning: `module.register()` is deprecated. Use `module.registerHooks()` instead.
(Use `node --trace-deprecation ...` to show where the warning was created)
✓ Compiled successfully in 3.8s
  Running TypeScript ...
  Finished TypeScript in 4.3s ...
  Collecting page data using 8 workers ...
  Generating static pages using 8 workers (0/7) ...
  Generating static pages using 8 workers (1/7) 
  Generating static pages using 8 workers (3/7) 
  Generating static pages using 8 workers (5/7) 
✓ Generating static pages using 8 workers (7/7) in 1027ms
  Finalizing page optimization ...

Route (app)
┌ ○ /
├ ○ /_not-found
├ ƒ /api/analyze-stock
├ ƒ /api/search-companies
└ ƒ /api/stock-quotes


○  (Static)   prerendered as static content
ƒ  (Dynamic)  server-rendered on demand

